// Jest Snapshot v1, https://goo.gl/fbAQLP

exports[`Reducers() Should not be modified 1`] = `
Object {
  "dispatch": [Function],
  "getState": [Function],
  "replaceReducer": [Function],
  "subscribe": [Function],
  Symbol(observable): [Function],
}
`;
