// Jest Snapshot v1, https://goo.gl/fbAQLP

exports[`Reducers() Should not be modified 1`] = `[Function]`;
