// Jest Snapshot v1, https://goo.gl/fbAQLP

exports[`App() Should not get modified 1`] = `
<div
  className="App"
>
  <nav
    className="navbar navbar-default navbar-fixed-top header-bar"
  >
    <h1
      className="header-brand"
    >
      <span>
        Daily News
      </span>
      <span>
        <button
          className="navbar-toggle"
          onClick={[Function]}
          type="button"
        >
          <div
            className="icon-bar"
          />
          <div
            className="icon-bar"
          />
          <div
            className="icon-bar"
          />
        </button>
      </span>
    </h1>
  </nav>
  <div
    className="jumbotron sub-header col-xs-12 col-sm-12 col-md-12 col-lg-12"
  >
    <p>
       Get live headlines from 
    </p>
    <h1>
      <div
        className=""
      />
    </h1>
  </div>
  <div
    className="side-nav"
    id="menu-bar"
  >
    <span
      className="side-nav-close"
      onClick={[Function]}
    >
      ×
    </span>
    <ul
      className="menu"
    >
      <li
        className="not-active"
        onClick={[Function]}
      >
        <a />
      </li>
      <li
        className="not-active"
        onClick={[Function]}
      >
        <a />
      </li>
    </ul>
  </div>
  <ul
    className="nav nav-pills submenu"
  />
  <div
    className="panel-group news-group col-xs-12 col-sm-12 col-md-8 col-md-offset-1 col-lg-8 col-lg-offset-1"
  >
    <h3
      className="top-stories"
    >
      Top Stories
    </h3>
    <div
      className="panel panel-default news-default col-xs-12 col-sm-12 col-md-12 col-lg-12"
    >
      <a
        className="col-xs-12 col-sm-12 col-md-12 col-lg-12"
        href={undefined}
      >
        <div
          className="news-img col-xs-2 col-sm-2 col-md-2 col-lg-2"
        >
          <img
            alt={undefined}
            src={undefined}
          />
        </div>
        <div
          className="col-xs-9 col-xs-offset-1 col-sm-9 col-md-9 col-lg-9"
        >
          <div
            className="panel-heading news-title"
          >
             
             
          </div>
          <div
            className="panel-body news-body"
          >
             
             
          </div>
        </div>
      </a>
    </div>
  </div>
  <div
    className="sim"
  >
    <h3
      className="weather-brand"
    >
      Weather
    </h3>
    <div
      className="jumbotron weather-div1 col-md-3 col-lg-3"
    >
      <div
        className="city-name col-xs-12 col-sm-12 col-md-12 col-lg-12"
      >
        <h3 />
      </div>
      <div
        className="weather-div2 col-xs-12 col-sm-12 col-md-12 col-lg-12"
      >
        <table
          className="col-xs-12 col-sm-12 col-md-12 col-lg-12 weather-table"
        >
          <thead>
            <tr>
              <th
                colSpan="2"
              >
                THURSDAY
              </th>
            </tr>
          </thead>
          <tbody>
            <tr
              className="temp"
            >
              <td
                className="temp-img"
                colSpan="2"
              >
                <img
                  alt="sunny"
                  src="http://openweathermap.org/img/w/04n.png"
                />
                <span>
                  22
                </span>
              </td>
            </tr>
            <tr
              className="temp-desc"
            >
              <td
                colSpan="2"
              >
                sunny
              </td>
            </tr>
            <tr
              className="temp-rem"
            >
              <td>
                Temp:
              </td>
              <td>
                22.45
                ℃ | 
                72.41
                ℉
              </td>
            </tr>
            <tr
              className="temp-rem"
            >
              <td>
                Min|Max:
              </td>
              <td>
                22
                ℃ | 
                23
                ℃
              </td>
            </tr>
            <tr
              className="temp-rem"
            >
              <td>
                Min|Max:
              </td>
              <td>
                71.60
                ℉ | 
                73.40
                ℉
              </td>
            </tr>
            <tr
              className="temp-rem"
            >
              <td>
                Humidity
              </td>
              <td>
                %
              </td>
            </tr>
          </tbody>
        </table>
      </div>
    </div>
  </div>
</div>
`;
