// Jest Snapshot v1, https://goo.gl/fbAQLP

exports[`News() should render without fail 1`] = `[Function]`;
